Archive member included because of file (symbol)

.\CortexM0\ARM_GCC_484\Debug\Project5.a(cyfitter_cfg.o)
                              .\CortexM0\ARM_GCC_484\Debug\Cm0Start.o (cyfitter_cfg)
.\CortexM0\ARM_GCC_484\Debug\Project5.a(UART.o)
                              .\CortexM0\ARM_GCC_484\Debug\main.o (UART_Start)
.\CortexM0\ARM_GCC_484\Debug\Project5.a(UART_SPI_UART.o)
                              .\CortexM0\ARM_GCC_484\Debug\main.o (UART_SpiUartWriteTxData)
.\CortexM0\ARM_GCC_484\Debug\Project5.a(UART_UART.o)
                              .\CortexM0\ARM_GCC_484\Debug\Project5.a(UART.o) (UART_UartInit)
.\CortexM0\ARM_GCC_484\Debug\Project5.a(CyLib.o)
                              .\CortexM0\ARM_GCC_484\Debug\Project5.a(cyfitter_cfg.o) (CyDelayUs)
.\CortexM0\ARM_GCC_484\Debug\Project5.a(Pin_Red.o)
                              .\CortexM0\ARM_GCC_484\Debug\main.o (Pin_Red_Write)
.\CortexM0\ARM_GCC_484\Debug\Project5.a(Pin_1.o)
                              .\CortexM0\ARM_GCC_484\Debug\main.o (Pin_1_Read)
.\CortexM0\ARM_GCC_484\Debug\Project5.a(CyBootAsmGnu.o)
                              .\CortexM0\ARM_GCC_484\Debug\Project5.a(CyLib.o) (CyDelayCycles)
d:/program files(x86)/cypress/psoc creator/3.1/psoc creator/import/gnu_cs/arm/4.8.4/bin/../lib/gcc/arm-none-eabi/4.8.4/armv6-m\libgcc.a(_udivsi3.o)
                              .\CortexM0\ARM_GCC_484\Debug\Project5.a(CyLib.o) (__aeabi_uidiv)
d:/program files(x86)/cypress/psoc creator/3.1/psoc creator/import/gnu_cs/arm/4.8.4/bin/../lib/gcc/arm-none-eabi/4.8.4/armv6-m\libgcc.a(_divsi3.o)
                              .\CortexM0\ARM_GCC_484\Debug\Cm0Start.o (__aeabi_idiv)
d:/program files(x86)/cypress/psoc creator/3.1/psoc creator/import/gnu_cs/arm/4.8.4/bin/../lib/gcc/arm-none-eabi/4.8.4/armv6-m\libgcc.a(_dvmd_tls.o)
                              d:/program files(x86)/cypress/psoc creator/3.1/psoc creator/import/gnu_cs/arm/4.8.4/bin/../lib/gcc/arm-none-eabi/4.8.4/armv6-m\libgcc.a(_udivsi3.o) (__aeabi_idiv0)
d:/program files(x86)/cypress/psoc creator/3.1/psoc creator/import/gnu_cs/arm/4.8.4/bin/../lib/gcc/arm-none-eabi/4.8.4/../../../../arm-none-eabi/lib/armv6-m\libg_s.a(lib_a-errno.o)
                              .\CortexM0\ARM_GCC_484\Debug\Cm0Start.o (__errno)
d:/program files(x86)/cypress/psoc creator/3.1/psoc creator/import/gnu_cs/arm/4.8.4/bin/../lib/gcc/arm-none-eabi/4.8.4/../../../../arm-none-eabi/lib/armv6-m\libg_s.a(lib_a-exit.o)
                              d:/program files(x86)/cypress/psoc creator/3.1/psoc creator/import/gnu_cs/arm/4.8.4/bin/../lib/gcc/arm-none-eabi/4.8.4/../../../../arm-none-eabi/lib/armv6-m/crt0.o (exit)
d:/program files(x86)/cypress/psoc creator/3.1/psoc creator/import/gnu_cs/arm/4.8.4/bin/../lib/gcc/arm-none-eabi/4.8.4/../../../../arm-none-eabi/lib/armv6-m\libg_s.a(lib_a-impure.o)
                              d:/program files(x86)/cypress/psoc creator/3.1/psoc creator/import/gnu_cs/arm/4.8.4/bin/../lib/gcc/arm-none-eabi/4.8.4/../../../../arm-none-eabi/lib/armv6-m\libg_s.a(lib_a-exit.o) (_global_impure_ptr)
d:/program files(x86)/cypress/psoc creator/3.1/psoc creator/import/gnu_cs/arm/4.8.4/bin/../lib/gcc/arm-none-eabi/4.8.4/../../../../arm-none-eabi/lib/armv6-m\libg_s.a(lib_a-init.o)
                              d:/program files(x86)/cypress/psoc creator/3.1/psoc creator/import/gnu_cs/arm/4.8.4/bin/../lib/gcc/arm-none-eabi/4.8.4/../../../../arm-none-eabi/lib/armv6-m/crt0.o (__libc_init_array)
d:/program files(x86)/cypress/psoc creator/3.1/psoc creator/import/gnu_cs/arm/4.8.4/bin/../lib/gcc/arm-none-eabi/4.8.4/../../../../arm-none-eabi/lib/armv6-m\libg_s.a(lib_a-memcpy-stub.o)
                              .\CortexM0\ARM_GCC_484\Debug\Project5.a(cyfitter_cfg.o) (memcpy)
d:/program files(x86)/cypress/psoc creator/3.1/psoc creator/import/gnu_cs/arm/4.8.4/bin/../lib/gcc/arm-none-eabi/4.8.4/../../../../arm-none-eabi/lib/armv6-m\libg_s.a(lib_a-memset.o)
                              d:/program files(x86)/cypress/psoc creator/3.1/psoc creator/import/gnu_cs/arm/4.8.4/bin/../lib/gcc/arm-none-eabi/4.8.4/../../../../arm-none-eabi/lib/armv6-m/crt0.o (memset)

Discarded input sections

 .text          0x00000000        0x0 d:/program files(x86)/cypress/psoc creator/3.1/psoc creator/import/gnu_cs/arm/4.8.4/bin/../lib/gcc/arm-none-eabi/4.8.4/armv6-m/crti.o
 .data          0x00000000        0x0 d:/program files(x86)/cypress/psoc creator/3.1/psoc creator/import/gnu_cs/arm/4.8.4/bin/../lib/gcc/arm-none-eabi/4.8.4/armv6-m/crti.o
 .bss           0x00000000        0x0 d:/program files(x86)/cypress/psoc creator/3.1/psoc creator/import/gnu_cs/arm/4.8.4/bin/../lib/gcc/arm-none-eabi/4.8.4/armv6-m/crti.o
 .data          0x00000000        0x4 d:/program files(x86)/cypress/psoc creator/3.1/psoc creator/import/gnu_cs/arm/4.8.4/bin/../lib/gcc/arm-none-eabi/4.8.4/armv6-m/crtbegin.o
 .text          0x00000000       0x78 d:/program files(x86)/cypress/psoc creator/3.1/psoc creator/import/gnu_cs/arm/4.8.4/bin/../lib/gcc/arm-none-eabi/4.8.4/../../../../arm-none-eabi/lib/armv6-m/crt0.o
 .data          0x00000000        0x0 d:/program files(x86)/cypress/psoc creator/3.1/psoc creator/import/gnu_cs/arm/4.8.4/bin/../lib/gcc/arm-none-eabi/4.8.4/../../../../arm-none-eabi/lib/armv6-m/crt0.o
 .bss           0x00000000        0x0 d:/program files(x86)/cypress/psoc creator/3.1/psoc creator/import/gnu_cs/arm/4.8.4/bin/../lib/gcc/arm-none-eabi/4.8.4/../../../../arm-none-eabi/lib/armv6-m/crt0.o
 .ARM.extab     0x00000000        0x0 d:/program files(x86)/cypress/psoc creator/3.1/psoc creator/import/gnu_cs/arm/4.8.4/bin/../lib/gcc/arm-none-eabi/4.8.4/../../../../arm-none-eabi/lib/armv6-m/crt0.o
 .ARM.exidx     0x00000000        0x8 d:/program files(x86)/cypress/psoc creator/3.1/psoc creator/import/gnu_cs/arm/4.8.4/bin/../lib/gcc/arm-none-eabi/4.8.4/../../../../arm-none-eabi/lib/armv6-m/crt0.o
 .text          0x00000000        0x0 .\CortexM0\ARM_GCC_484\Debug\main.o
 .data          0x00000000        0x0 .\CortexM0\ARM_GCC_484\Debug\main.o
 .bss           0x00000000        0x0 .\CortexM0\ARM_GCC_484\Debug\main.o
 .text          0x00000000        0x0 .\CortexM0\ARM_GCC_484\Debug\cymetadata.o
 .data          0x00000000        0x0 .\CortexM0\ARM_GCC_484\Debug\cymetadata.o
 .bss           0x00000000        0x0 .\CortexM0\ARM_GCC_484\Debug\cymetadata.o
 .text          0x00000000        0x0 .\CortexM0\ARM_GCC_484\Debug\Cm0Start.o
 .data          0x00000000        0x4 .\CortexM0\ARM_GCC_484\Debug\Cm0Start.o
 .bss           0x00000000        0x0 .\CortexM0\ARM_GCC_484\Debug\Cm0Start.o
 .text._exit    0x00000000       0x28 .\CortexM0\ARM_GCC_484\Debug\Cm0Start.o
 .text._sbrk    0x00000000       0x50 .\CortexM0\ARM_GCC_484\Debug\Cm0Start.o
 .text          0x00000000        0x0 .\CortexM0\ARM_GCC_484\Debug\Project5.a(cyfitter_cfg.o)
 .bss           0x00000000        0x0 .\CortexM0\ARM_GCC_484\Debug\Project5.a(cyfitter_cfg.o)
 .text.CYCONFIGCPY
                0x00000000       0x24 .\CortexM0\ARM_GCC_484\Debug\Project5.a(cyfitter_cfg.o)
 .text.CYCONFIGCPYCODE
                0x00000000       0x24 .\CortexM0\ARM_GCC_484\Debug\Project5.a(cyfitter_cfg.o)
 .text          0x00000000        0x0 .\CortexM0\ARM_GCC_484\Debug\Project5.a(UART.o)
 .data          0x00000000        0x0 .\CortexM0\ARM_GCC_484\Debug\Project5.a(UART.o)
 .text.UART_Stop
                0x00000000       0x1c .\CortexM0\ARM_GCC_484\Debug\Project5.a(UART.o)
 .text.UART_SetRxFifoLevel
                0x00000000       0x34 .\CortexM0\ARM_GCC_484\Debug\Project5.a(UART.o)
 .text.UART_SetTxFifoLevel
                0x00000000       0x34 .\CortexM0\ARM_GCC_484\Debug\Project5.a(UART.o)
 .text.UART_SetCustomInterruptHandler
                0x00000000       0x18 .\CortexM0\ARM_GCC_484\Debug\Project5.a(UART.o)
 .text.UART_ScbModeStop
                0x00000000        0x8 .\CortexM0\ARM_GCC_484\Debug\Project5.a(UART.o)
 .text          0x00000000        0x0 .\CortexM0\ARM_GCC_484\Debug\Project5.a(UART_SPI_UART.o)
 .data          0x00000000        0x0 .\CortexM0\ARM_GCC_484\Debug\Project5.a(UART_SPI_UART.o)
 .bss           0x00000000        0x0 .\CortexM0\ARM_GCC_484\Debug\Project5.a(UART_SPI_UART.o)
 .text.UART_SpiUartClearRxBuffer
                0x00000000       0x2c .\CortexM0\ARM_GCC_484\Debug\Project5.a(UART_SPI_UART.o)
 .text.UART_SpiUartPutArray
                0x00000000       0x34 .\CortexM0\ARM_GCC_484\Debug\Project5.a(UART_SPI_UART.o)
 .text.UART_SpiUartGetTxBufferSize
                0x00000000       0x20 .\CortexM0\ARM_GCC_484\Debug\Project5.a(UART_SPI_UART.o)
 .text.UART_SpiUartClearTxBuffer
                0x00000000       0x2c .\CortexM0\ARM_GCC_484\Debug\Project5.a(UART_SPI_UART.o)
 .text.UART_SpiUartDisableIntRx
                0x00000000       0x20 .\CortexM0\ARM_GCC_484\Debug\Project5.a(UART_SPI_UART.o)
 .text.UART_SpiUartDisableIntTx
                0x00000000       0x20 .\CortexM0\ARM_GCC_484\Debug\Project5.a(UART_SPI_UART.o)
 .text          0x00000000        0x0 .\CortexM0\ARM_GCC_484\Debug\Project5.a(UART_UART.o)
 .data          0x00000000        0x0 .\CortexM0\ARM_GCC_484\Debug\Project5.a(UART_UART.o)
 .bss           0x00000000        0x0 .\CortexM0\ARM_GCC_484\Debug\Project5.a(UART_UART.o)
 .text.UART_UartSetRxAddress
                0x00000000       0x34 .\CortexM0\ARM_GCC_484\Debug\Project5.a(UART_UART.o)
 .text.UART_UartSetRxAddressMask
                0x00000000       0x34 .\CortexM0\ARM_GCC_484\Debug\Project5.a(UART_UART.o)
 .text.UART_UartGetByte
                0x00000000       0x68 .\CortexM0\ARM_GCC_484\Debug\Project5.a(UART_UART.o)
 .text.UART_UartSetRtsPolarity
                0x00000000       0x38 .\CortexM0\ARM_GCC_484\Debug\Project5.a(UART_UART.o)
 .text.UART_UartSetRtsFifoLevel
                0x00000000       0x34 .\CortexM0\ARM_GCC_484\Debug\Project5.a(UART_UART.o)
 .text.UART_UartPutCRLF
                0x00000000       0x24 .\CortexM0\ARM_GCC_484\Debug\Project5.a(UART_UART.o)
 .text.UART_UartEnableCts
                0x00000000       0x1c .\CortexM0\ARM_GCC_484\Debug\Project5.a(UART_UART.o)
 .text.UART_UartDisableCts
                0x00000000       0x1c .\CortexM0\ARM_GCC_484\Debug\Project5.a(UART_UART.o)
 .text.UART_UartSetCtsPolarity
                0x00000000       0x38 .\CortexM0\ARM_GCC_484\Debug\Project5.a(UART_UART.o)
 .text          0x00000000        0x0 .\CortexM0\ARM_GCC_484\Debug\Project5.a(CyLib.o)
 .bss           0x00000000       0x24 .\CortexM0\ARM_GCC_484\Debug\Project5.a(CyLib.o)
 .rodata        0x00000000       0x30 .\CortexM0\ARM_GCC_484\Debug\Project5.a(CyLib.o)
 .text.CySysClkImoStart
                0x00000000       0x1c .\CortexM0\ARM_GCC_484\Debug\Project5.a(CyLib.o)
 .text.CySysClkImoStop
                0x00000000       0x18 .\CortexM0\ARM_GCC_484\Debug\Project5.a(CyLib.o)
 .text.CySysClkIloStart
                0x00000000       0x1c .\CortexM0\ARM_GCC_484\Debug\Project5.a(CyLib.o)
 .text.CySysClkIloStop
                0x00000000       0x64 .\CortexM0\ARM_GCC_484\Debug\Project5.a(CyLib.o)
 .text.CySysClkIloEnabled
                0x00000000       0x1c .\CortexM0\ARM_GCC_484\Debug\Project5.a(CyLib.o)
 .text.CySysClkGetLfclkSource
                0x00000000       0x20 .\CortexM0\ARM_GCC_484\Debug\Project5.a(CyLib.o)
 .text.CySysClkSetLfclkSource
                0x00000000       0x54 .\CortexM0\ARM_GCC_484\Debug\Project5.a(CyLib.o)
 .text.CySysClkWriteHfclkDirect
                0x00000000       0x44 .\CortexM0\ARM_GCC_484\Debug\Project5.a(CyLib.o)
 .text.CySysClkWriteSysclkDiv
                0x00000000       0x44 .\CortexM0\ARM_GCC_484\Debug\Project5.a(CyLib.o)
 .text.CySysClkWriteImoFreq
                0x00000000      0x1e0 .\CortexM0\ARM_GCC_484\Debug\Project5.a(CyLib.o)
 .text.CySysClkEcoStop
                0x00000000       0x2c .\CortexM0\ARM_GCC_484\Debug\Project5.a(CyLib.o)
 .text.CySysClkWriteEcoDiv
                0x00000000       0x40 .\CortexM0\ARM_GCC_484\Debug\Project5.a(CyLib.o)
 .text.CySysClkWcoStop
                0x00000000       0x60 .\CortexM0\ARM_GCC_484\Debug\Project5.a(CyLib.o)
 .text.CySysClkWcoEnabled
                0x00000000       0x1c .\CortexM0\ARM_GCC_484\Debug\Project5.a(CyLib.o)
 .text.CySysWdtLock
                0x00000000       0x34 .\CortexM0\ARM_GCC_484\Debug\Project5.a(CyLib.o)
 .text.CySysWdtLocked
                0x00000000       0x20 .\CortexM0\ARM_GCC_484\Debug\Project5.a(CyLib.o)
 .text.CySysWdtUnlock
                0x00000000       0x4c .\CortexM0\ARM_GCC_484\Debug\Project5.a(CyLib.o)
 .text.CySysWdtReadEnabledStatus
                0x00000000       0x30 .\CortexM0\ARM_GCC_484\Debug\Project5.a(CyLib.o)
 .text.CySysWdtWriteMode
                0x00000000       0x60 .\CortexM0\ARM_GCC_484\Debug\Project5.a(CyLib.o)
 .text.CySysWdtReadMode
                0x00000000       0x24 .\CortexM0\ARM_GCC_484\Debug\Project5.a(CyLib.o)
 .text.CySysWdtWriteClearOnMatch
                0x00000000       0x70 .\CortexM0\ARM_GCC_484\Debug\Project5.a(CyLib.o)
 .text.CySysWdtReadClearOnMatch
                0x00000000       0x40 .\CortexM0\ARM_GCC_484\Debug\Project5.a(CyLib.o)
 .text.CySysWdtEnable
                0x00000000       0x64 .\CortexM0\ARM_GCC_484\Debug\Project5.a(CyLib.o)
 .text.CySysWdtDisable
                0x00000000       0x68 .\CortexM0\ARM_GCC_484\Debug\Project5.a(CyLib.o)
 .text.CySysWdtWriteCascade
                0x00000000       0x58 .\CortexM0\ARM_GCC_484\Debug\Project5.a(CyLib.o)
 .text.CySysWdtReadCascade
                0x00000000       0x1c .\CortexM0\ARM_GCC_484\Debug\Project5.a(CyLib.o)
 .text.CySysWdtWriteMatch
                0x00000000       0x90 .\CortexM0\ARM_GCC_484\Debug\Project5.a(CyLib.o)
 .text.CySysWdtWriteToggleBit
                0x00000000       0x44 .\CortexM0\ARM_GCC_484\Debug\Project5.a(CyLib.o)
 .text.CySysWdtReadToggleBit
                0x00000000       0x18 .\CortexM0\ARM_GCC_484\Debug\Project5.a(CyLib.o)
 .text.CySysWdtReadMatch
                0x00000000       0x44 .\CortexM0\ARM_GCC_484\Debug\Project5.a(CyLib.o)
 .text.CySysWdtReadCount
                0x00000000       0x54 .\CortexM0\ARM_GCC_484\Debug\Project5.a(CyLib.o)
 .text.CySysWdtGetInterruptSource
                0x00000000       0x1c .\CortexM0\ARM_GCC_484\Debug\Project5.a(CyLib.o)
 .text.CySysWdtClearInterrupt
                0x00000000       0x6c .\CortexM0\ARM_GCC_484\Debug\Project5.a(CyLib.o)
 .text.CySysWdtResetCounters
                0x00000000       0x28 .\CortexM0\ARM_GCC_484\Debug\Project5.a(CyLib.o)
 .text.CySysClkLfclkPosedgeCatch
                0x00000000       0x9c .\CortexM0\ARM_GCC_484\Debug\Project5.a(CyLib.o)
 .text.CySysClkLfclkPosedgeRestore
                0x00000000       0x3c .\CortexM0\ARM_GCC_484\Debug\Project5.a(CyLib.o)
 .text.CySysLvdEnable
                0x00000000       0x48 .\CortexM0\ARM_GCC_484\Debug\Project5.a(CyLib.o)
 .text.CySysLvdDisable
                0x00000000       0x28 .\CortexM0\ARM_GCC_484\Debug\Project5.a(CyLib.o)
 .text.CySysLvdGetInterruptSource
                0x00000000       0x18 .\CortexM0\ARM_GCC_484\Debug\Project5.a(CyLib.o)
 .text.CySysLvdClearInterrupt
                0x00000000       0x14 .\CortexM0\ARM_GCC_484\Debug\Project5.a(CyLib.o)
 .text.CySysGetResetReason
                0x00000000       0x30 .\CortexM0\ARM_GCC_484\Debug\Project5.a(CyLib.o)
 .text.CyDisableInts
                0x00000000       0x24 .\CortexM0\ARM_GCC_484\Debug\Project5.a(CyLib.o)
 .text.CyEnableInts
                0x00000000       0x18 .\CortexM0\ARM_GCC_484\Debug\Project5.a(CyLib.o)
 .text.CyIntSetSysVector
                0x00000000       0x48 .\CortexM0\ARM_GCC_484\Debug\Project5.a(CyLib.o)
 .text.CyIntGetSysVector
                0x00000000       0x34 .\CortexM0\ARM_GCC_484\Debug\Project5.a(CyLib.o)
 .text.CyIntSetVector
                0x00000000       0x4c .\CortexM0\ARM_GCC_484\Debug\Project5.a(CyLib.o)
 .text.CyIntGetVector
                0x00000000       0x38 .\CortexM0\ARM_GCC_484\Debug\Project5.a(CyLib.o)
 .text.CyIntSetPriority
                0x00000000       0xa8 .\CortexM0\ARM_GCC_484\Debug\Project5.a(CyLib.o)
 .text.CyIntGetPriority
                0x00000000       0x58 .\CortexM0\ARM_GCC_484\Debug\Project5.a(CyLib.o)
 .text.CyIntEnable
                0x00000000       0x2c .\CortexM0\ARM_GCC_484\Debug\Project5.a(CyLib.o)
 .text.CyIntGetState
                0x00000000       0x34 .\CortexM0\ARM_GCC_484\Debug\Project5.a(CyLib.o)
 .text.CyIntDisable
                0x00000000       0x2c .\CortexM0\ARM_GCC_484\Debug\Project5.a(CyLib.o)
 .text.CyIntSetPending
                0x00000000       0x2c .\CortexM0\ARM_GCC_484\Debug\Project5.a(CyLib.o)
 .text.CyIntClearPending
                0x00000000       0x2c .\CortexM0\ARM_GCC_484\Debug\Project5.a(CyLib.o)
 .text.CySoftwareReset
                0x00000000       0x20 .\CortexM0\ARM_GCC_484\Debug\Project5.a(CyLib.o)
 .text.CyDelayFreq
                0x00000000       0x80 .\CortexM0\ARM_GCC_484\Debug\Project5.a(CyLib.o)
 .text.CySysTickStart
                0x00000000       0x24 .\CortexM0\ARM_GCC_484\Debug\Project5.a(CyLib.o)
 .text.CySysTickInit
                0x00000000       0x64 .\CortexM0\ARM_GCC_484\Debug\Project5.a(CyLib.o)
 .text.CySysTickEnable
                0x00000000       0x1c .\CortexM0\ARM_GCC_484\Debug\Project5.a(CyLib.o)
 .text.CySysTickStop
                0x00000000       0x18 .\CortexM0\ARM_GCC_484\Debug\Project5.a(CyLib.o)
 .text.CySysTickEnableInterrupt
                0x00000000       0x18 .\CortexM0\ARM_GCC_484\Debug\Project5.a(CyLib.o)
 .text.CySysTickDisableInterrupt
                0x00000000       0x18 .\CortexM0\ARM_GCC_484\Debug\Project5.a(CyLib.o)
 .text.CySysTickSetReload
                0x00000000       0x1c .\CortexM0\ARM_GCC_484\Debug\Project5.a(CyLib.o)
 .text.CySysTickGetReload
                0x00000000       0x18 .\CortexM0\ARM_GCC_484\Debug\Project5.a(CyLib.o)
 .text.CySysTickGetValue
                0x00000000       0x1c .\CortexM0\ARM_GCC_484\Debug\Project5.a(CyLib.o)
 .text.CySysTickSetClockSource
                0x00000000       0x34 .\CortexM0\ARM_GCC_484\Debug\Project5.a(CyLib.o)
 .text.CySysTickGetCountFlag
                0x00000000       0x18 .\CortexM0\ARM_GCC_484\Debug\Project5.a(CyLib.o)
 .text.CySysTickClear
                0x00000000       0x14 .\CortexM0\ARM_GCC_484\Debug\Project5.a(CyLib.o)
 .text.CySysTickSetCallback
                0x00000000       0x2c .\CortexM0\ARM_GCC_484\Debug\Project5.a(CyLib.o)
 .text.CySysTickGetCallback
                0x00000000       0x1c .\CortexM0\ARM_GCC_484\Debug\Project5.a(CyLib.o)
 .text.CySysTickServiceCallbacks
                0x00000000       0x44 .\CortexM0\ARM_GCC_484\Debug\Project5.a(CyLib.o)
 .text          0x00000000        0x0 .\CortexM0\ARM_GCC_484\Debug\Project5.a(Pin_Red.o)
 .data          0x00000000        0x0 .\CortexM0\ARM_GCC_484\Debug\Project5.a(Pin_Red.o)
 .bss           0x00000000        0x0 .\CortexM0\ARM_GCC_484\Debug\Project5.a(Pin_Red.o)
 .text.Pin_Red_SetDriveMode
                0x00000000       0x30 .\CortexM0\ARM_GCC_484\Debug\Project5.a(Pin_Red.o)
 .text.Pin_Red_Read
                0x00000000       0x1c .\CortexM0\ARM_GCC_484\Debug\Project5.a(Pin_Red.o)
 .text.Pin_Red_ReadDataReg
                0x00000000       0x1c .\CortexM0\ARM_GCC_484\Debug\Project5.a(Pin_Red.o)
 .text.Pin_Red_ClearInterrupt
                0x00000000       0x30 .\CortexM0\ARM_GCC_484\Debug\Project5.a(Pin_Red.o)
 .text          0x00000000        0x0 .\CortexM0\ARM_GCC_484\Debug\Project5.a(Pin_1.o)
 .data          0x00000000        0x0 .\CortexM0\ARM_GCC_484\Debug\Project5.a(Pin_1.o)
 .bss           0x00000000        0x0 .\CortexM0\ARM_GCC_484\Debug\Project5.a(Pin_1.o)
 .text.Pin_1_Write
                0x00000000       0x48 .\CortexM0\ARM_GCC_484\Debug\Project5.a(Pin_1.o)
 .text.Pin_1_SetDriveMode
                0x00000000       0x30 .\CortexM0\ARM_GCC_484\Debug\Project5.a(Pin_1.o)
 .text.Pin_1_ReadDataReg
                0x00000000       0x1c .\CortexM0\ARM_GCC_484\Debug\Project5.a(Pin_1.o)
 .text.Pin_1_ClearInterrupt
                0x00000000       0x30 .\CortexM0\ARM_GCC_484\Debug\Project5.a(Pin_1.o)
 .data          0x00000000        0x0 .\CortexM0\ARM_GCC_484\Debug\Project5.a(CyBootAsmGnu.o)
 .bss           0x00000000        0x0 .\CortexM0\ARM_GCC_484\Debug\Project5.a(CyBootAsmGnu.o)
 .text          0x00000000       0x9c d:/program files(x86)/cypress/psoc creator/3.1/psoc creator/import/gnu_cs/arm/4.8.4/bin/../lib/gcc/arm-none-eabi/4.8.4/armv6-m\libgcc.a(_udivsi3.o)
 .data          0x00000000        0x0 d:/program files(x86)/cypress/psoc creator/3.1/psoc creator/import/gnu_cs/arm/4.8.4/bin/../lib/gcc/arm-none-eabi/4.8.4/armv6-m\libgcc.a(_udivsi3.o)
 .bss           0x00000000        0x0 d:/program files(x86)/cypress/psoc creator/3.1/psoc creator/import/gnu_cs/arm/4.8.4/bin/../lib/gcc/arm-none-eabi/4.8.4/armv6-m\libgcc.a(_udivsi3.o)
 .text          0x00000000       0xc0 d:/program files(x86)/cypress/psoc creator/3.1/psoc creator/import/gnu_cs/arm/4.8.4/bin/../lib/gcc/arm-none-eabi/4.8.4/armv6-m\libgcc.a(_divsi3.o)
 .data          0x00000000        0x0 d:/program files(x86)/cypress/psoc creator/3.1/psoc creator/import/gnu_cs/arm/4.8.4/bin/../lib/gcc/arm-none-eabi/4.8.4/armv6-m\libgcc.a(_divsi3.o)
 .bss           0x00000000        0x0 d:/program files(x86)/cypress/psoc creator/3.1/psoc creator/import/gnu_cs/arm/4.8.4/bin/../lib/gcc/arm-none-eabi/4.8.4/armv6-m\libgcc.a(_divsi3.o)
 .text          0x00000000        0x4 d:/program files(x86)/cypress/psoc creator/3.1/psoc creator/import/gnu_cs/arm/4.8.4/bin/../lib/gcc/arm-none-eabi/4.8.4/armv6-m\libgcc.a(_dvmd_tls.o)
 .data          0x00000000        0x0 d:/program files(x86)/cypress/psoc creator/3.1/psoc creator/import/gnu_cs/arm/4.8.4/bin/../lib/gcc/arm-none-eabi/4.8.4/armv6-m\libgcc.a(_dvmd_tls.o)
 .bss           0x00000000        0x0 d:/program files(x86)/cypress/psoc creator/3.1/psoc creator/import/gnu_cs/arm/4.8.4/bin/../lib/gcc/arm-none-eabi/4.8.4/armv6-m\libgcc.a(_dvmd_tls.o)
 .text          0x00000000        0x0 d:/program files(x86)/cypress/psoc creator/3.1/psoc creator/import/gnu_cs/arm/4.8.4/bin/../lib/gcc/arm-none-eabi/4.8.4/../../../../arm-none-eabi/lib/armv6-m\libg_s.a(lib_a-errno.o)
 .data          0x00000000        0x0 d:/program files(x86)/cypress/psoc creator/3.1/psoc creator/import/gnu_cs/arm/4.8.4/bin/../lib/gcc/arm-none-eabi/4.8.4/../../../../arm-none-eabi/lib/armv6-m\libg_s.a(lib_a-errno.o)
 .bss           0x00000000        0x0 d:/program files(x86)/cypress/psoc creator/3.1/psoc creator/import/gnu_cs/arm/4.8.4/bin/../lib/gcc/arm-none-eabi/4.8.4/../../../../arm-none-eabi/lib/armv6-m\libg_s.a(lib_a-errno.o)
 .text.__errno  0x00000000        0xc d:/program files(x86)/cypress/psoc creator/3.1/psoc creator/import/gnu_cs/arm/4.8.4/bin/../lib/gcc/arm-none-eabi/4.8.4/../../../../arm-none-eabi/lib/armv6-m\libg_s.a(lib_a-errno.o)
 .text          0x00000000        0x0 d:/program files(x86)/cypress/psoc creator/3.1/psoc creator/import/gnu_cs/arm/4.8.4/bin/../lib/gcc/arm-none-eabi/4.8.4/../../../../arm-none-eabi/lib/armv6-m\libg_s.a(lib_a-exit.o)
 .data          0x00000000        0x0 d:/program files(x86)/cypress/psoc creator/3.1/psoc creator/import/gnu_cs/arm/4.8.4/bin/../lib/gcc/arm-none-eabi/4.8.4/../../../../arm-none-eabi/lib/armv6-m\libg_s.a(lib_a-exit.o)
 .bss           0x00000000        0x0 d:/program files(x86)/cypress/psoc creator/3.1/psoc creator/import/gnu_cs/arm/4.8.4/bin/../lib/gcc/arm-none-eabi/4.8.4/../../../../arm-none-eabi/lib/armv6-m\libg_s.a(lib_a-exit.o)
 .text.exit     0x00000000       0x2c d:/program files(x86)/cypress/psoc creator/3.1/psoc creator/import/gnu_cs/arm/4.8.4/bin/../lib/gcc/arm-none-eabi/4.8.4/../../../../arm-none-eabi/lib/armv6-m\libg_s.a(lib_a-exit.o)
 .text          0x00000000        0x0 d:/program files(x86)/cypress/psoc creator/3.1/psoc creator/import/gnu_cs/arm/4.8.4/bin/../lib/gcc/arm-none-eabi/4.8.4/../../../../arm-none-eabi/lib/armv6-m\libg_s.a(lib_a-impure.o)
 .data          0x00000000        0x0 d:/program files(x86)/cypress/psoc creator/3.1/psoc creator/import/gnu_cs/arm/4.8.4/bin/../lib/gcc/arm-none-eabi/4.8.4/../../../../arm-none-eabi/lib/armv6-m\libg_s.a(lib_a-impure.o)
 .bss           0x00000000        0x0 d:/program files(x86)/cypress/psoc creator/3.1/psoc creator/import/gnu_cs/arm/4.8.4/bin/../lib/gcc/arm-none-eabi/4.8.4/../../../../arm-none-eabi/lib/armv6-m\libg_s.a(lib_a-impure.o)
 .data.impure_data
                0x00000000       0x60 d:/program files(x86)/cypress/psoc creator/3.1/psoc creator/import/gnu_cs/arm/4.8.4/bin/../lib/gcc/arm-none-eabi/4.8.4/../../../../arm-none-eabi/lib/armv6-m\libg_s.a(lib_a-impure.o)
 .data._impure_ptr
                0x00000000        0x4 d:/program files(x86)/cypress/psoc creator/3.1/psoc creator/import/gnu_cs/arm/4.8.4/bin/../lib/gcc/arm-none-eabi/4.8.4/../../../../arm-none-eabi/lib/armv6-m\libg_s.a(lib_a-impure.o)
 .rodata.str1.1
                0x00000000        0x2 d:/program files(x86)/cypress/psoc creator/3.1/psoc creator/import/gnu_cs/arm/4.8.4/bin/../lib/gcc/arm-none-eabi/4.8.4/../../../../arm-none-eabi/lib/armv6-m\libg_s.a(lib_a-impure.o)
 .rodata._global_impure_ptr
                0x00000000        0x4 d:/program files(x86)/cypress/psoc creator/3.1/psoc creator/import/gnu_cs/arm/4.8.4/bin/../lib/gcc/arm-none-eabi/4.8.4/../../../../arm-none-eabi/lib/armv6-m\libg_s.a(lib_a-impure.o)
 .text          0x00000000        0x0 d:/program files(x86)/cypress/psoc creator/3.1/psoc creator/import/gnu_cs/arm/4.8.4/bin/../lib/gcc/arm-none-eabi/4.8.4/../../../../arm-none-eabi/lib/armv6-m\libg_s.a(lib_a-init.o)
 .data          0x00000000        0x0 d:/program files(x86)/cypress/psoc creator/3.1/psoc creator/import/gnu_cs/arm/4.8.4/bin/../lib/gcc/arm-none-eabi/4.8.4/../../../../arm-none-eabi/lib/armv6-m\libg_s.a(lib_a-init.o)
 .bss           0x00000000        0x0 d:/program files(x86)/cypress/psoc creator/3.1/psoc creator/import/gnu_cs/arm/4.8.4/bin/../lib/gcc/arm-none-eabi/4.8.4/../../../../arm-none-eabi/lib/armv6-m\libg_s.a(lib_a-init.o)
 .text          0x00000000        0x0 d:/program files(x86)/cypress/psoc creator/3.1/psoc creator/import/gnu_cs/arm/4.8.4/bin/../lib/gcc/arm-none-eabi/4.8.4/../../../../arm-none-eabi/lib/armv6-m\libg_s.a(lib_a-memcpy-stub.o)
 .data          0x00000000        0x0 d:/program files(x86)/cypress/psoc creator/3.1/psoc creator/import/gnu_cs/arm/4.8.4/bin/../lib/gcc/arm-none-eabi/4.8.4/../../../../arm-none-eabi/lib/armv6-m\libg_s.a(lib_a-memcpy-stub.o)
 .bss           0x00000000        0x0 d:/program files(x86)/cypress/psoc creator/3.1/psoc creator/import/gnu_cs/arm/4.8.4/bin/../lib/gcc/arm-none-eabi/4.8.4/../../../../arm-none-eabi/lib/armv6-m\libg_s.a(lib_a-memcpy-stub.o)
 .text.memcpy   0x00000000       0x12 d:/program files(x86)/cypress/psoc creator/3.1/psoc creator/import/gnu_cs/arm/4.8.4/bin/../lib/gcc/arm-none-eabi/4.8.4/../../../../arm-none-eabi/lib/armv6-m\libg_s.a(lib_a-memcpy-stub.o)
 .text          0x00000000        0x0 d:/program files(x86)/cypress/psoc creator/3.1/psoc creator/import/gnu_cs/arm/4.8.4/bin/../lib/gcc/arm-none-eabi/4.8.4/../../../../arm-none-eabi/lib/armv6-m\libg_s.a(lib_a-memset.o)
 .data          0x00000000        0x0 d:/program files(x86)/cypress/psoc creator/3.1/psoc creator/import/gnu_cs/arm/4.8.4/bin/../lib/gcc/arm-none-eabi/4.8.4/../../../../arm-none-eabi/lib/armv6-m\libg_s.a(lib_a-memset.o)
 .bss           0x00000000        0x0 d:/program files(x86)/cypress/psoc creator/3.1/psoc creator/import/gnu_cs/arm/4.8.4/bin/../lib/gcc/arm-none-eabi/4.8.4/../../../../arm-none-eabi/lib/armv6-m\libg_s.a(lib_a-memset.o)
 .text          0x00000000        0x0 d:/program files(x86)/cypress/psoc creator/3.1/psoc creator/import/gnu_cs/arm/4.8.4/bin/../lib/gcc/arm-none-eabi/4.8.4/armv6-m/crtend.o
 .data          0x00000000        0x0 d:/program files(x86)/cypress/psoc creator/3.1/psoc creator/import/gnu_cs/arm/4.8.4/bin/../lib/gcc/arm-none-eabi/4.8.4/armv6-m/crtend.o
 .bss           0x00000000        0x0 d:/program files(x86)/cypress/psoc creator/3.1/psoc creator/import/gnu_cs/arm/4.8.4/bin/../lib/gcc/arm-none-eabi/4.8.4/armv6-m/crtend.o
 .text          0x00000000        0x0 d:/program files(x86)/cypress/psoc creator/3.1/psoc creator/import/gnu_cs/arm/4.8.4/bin/../lib/gcc/arm-none-eabi/4.8.4/armv6-m/crtn.o
 .data          0x00000000        0x0 d:/program files(x86)/cypress/psoc creator/3.1/psoc creator/import/gnu_cs/arm/4.8.4/bin/../lib/gcc/arm-none-eabi/4.8.4/armv6-m/crtn.o
 .bss           0x00000000        0x0 d:/program files(x86)/cypress/psoc creator/3.1/psoc creator/import/gnu_cs/arm/4.8.4/bin/../lib/gcc/arm-none-eabi/4.8.4/armv6-m/crtn.o

Memory Configuration

Name             Origin             Length             Attributes
rom              0x00000000         0x00020000         xr
ram              0x20000000         0x00004000         xrw
*default*        0x00000000         0xffffffff

Linker script and memory map

LOAD d:/program files(x86)/cypress/psoc creator/3.1/psoc creator/import/gnu_cs/arm/4.8.4/bin/../lib/gcc/arm-none-eabi/4.8.4/armv6-m/crti.o
LOAD d:/program files(x86)/cypress/psoc creator/3.1/psoc creator/import/gnu_cs/arm/4.8.4/bin/../lib/gcc/arm-none-eabi/4.8.4/armv6-m/crtbegin.o
LOAD d:/program files(x86)/cypress/psoc creator/3.1/psoc creator/import/gnu_cs/arm/4.8.4/bin/../lib/gcc/arm-none-eabi/4.8.4/../../../../arm-none-eabi/lib/armv6-m/crt0.o
START GROUP
LOAD .\CortexM0\ARM_GCC_484\Debug\main.o
LOAD .\CortexM0\ARM_GCC_484\Debug\cymetadata.o
LOAD .\CortexM0\ARM_GCC_484\Debug\Cm0Start.o
LOAD .\CortexM0\ARM_GCC_484\Debug\Project5.a
LOAD D:\Program Files(x86)\Cypress\PSoC Creator\3.1\PSoC Creator\psoc\content\cycomponentlibrary\CyComponentLibrary.cylib\CortexM0\ARM_GCC_484\Debug\CyComponentLibrary.a
END GROUP
START GROUP
LOAD d:/program files(x86)/cypress/psoc creator/3.1/psoc creator/import/gnu_cs/arm/4.8.4/bin/../lib/gcc/arm-none-eabi/4.8.4/armv6-m\libgcc.a
LOAD d:/program files(x86)/cypress/psoc creator/3.1/psoc creator/import/gnu_cs/arm/4.8.4/bin/../lib/gcc/arm-none-eabi/4.8.4/../../../../arm-none-eabi/lib/armv6-m\libg_s.a
LOAD d:/program files(x86)/cypress/psoc creator/3.1/psoc creator/import/gnu_cs/arm/4.8.4/bin/../lib/gcc/arm-none-eabi/4.8.4/../../../../arm-none-eabi/lib/armv6-m\libc_s.a
END GROUP
START GROUP
LOAD d:/program files(x86)/cypress/psoc creator/3.1/psoc creator/import/gnu_cs/arm/4.8.4/bin/../lib/gcc/arm-none-eabi/4.8.4/armv6-m\libgcc.a
LOAD d:/program files(x86)/cypress/psoc creator/3.1/psoc creator/import/gnu_cs/arm/4.8.4/bin/../lib/gcc/arm-none-eabi/4.8.4/../../../../arm-none-eabi/lib/armv6-m\libc_s.a
END GROUP
LOAD d:/program files(x86)/cypress/psoc creator/3.1/psoc creator/import/gnu_cs/arm/4.8.4/bin/../lib/gcc/arm-none-eabi/4.8.4/armv6-m/crtend.o
LOAD d:/program files(x86)/cypress/psoc creator/3.1/psoc creator/import/gnu_cs/arm/4.8.4/bin/../lib/gcc/arm-none-eabi/4.8.4/armv6-m/crtn.o
START GROUP
LOAD d:/program files(x86)/cypress/psoc creator/3.1/psoc creator/import/gnu_cs/arm/4.8.4/bin/../lib/gcc/arm-none-eabi/4.8.4/armv6-m\libgcc.a
LOAD d:/program files(x86)/cypress/psoc creator/3.1/psoc creator/import/gnu_cs/arm/4.8.4/bin/../lib/gcc/arm-none-eabi/4.8.4/../../../../arm-none-eabi/lib/armv6-m\libc.a
LOAD d:/program files(x86)/cypress/psoc creator/3.1/psoc creator/import/gnu_cs/arm/4.8.4/bin/../lib/gcc/arm-none-eabi/4.8.4/../../../../arm-none-eabi/lib/armv6-m\libnosys.a
END GROUP
                0x00000000                CY_APPL_ORIGIN = 0x0
                0x00000080                CY_FLASH_ROW_SIZE = 0x80
                0x00000001                CY_APPL_NUM = 0x1
                0x00000040                CY_METADATA_SIZE = 0x40
                0x20000108                PROVIDE (__cy_heap_start, _end)
                0x00000001                PROVIDE (__cy_region_num, ((__cy_regions_end - __cy_regions) / 0x10))
                0x20004000                PROVIDE (__cy_stack, (ORIGIN (ram) + 0x4000))
                0x20003800                PROVIDE (__cy_heap_end, (__cy_stack - 0x800))

.cybootloader   0x00000000        0x0
 *(.cybootloader)
                0x00000000                appl1_start = CY_APPL_ORIGIN?CY_APPL_ORIGIN:ALIGN (CY_FLASH_ROW_SIZE)
                0x0000ff80                appl2_start = (appl1_start + ALIGN ((((0x20000 - appl1_start) - (0x2 * CY_FLASH_ROW_SIZE)) / 0x2), CY_FLASH_ROW_SIZE))
                0x00000000                appl_start = (CY_APPL_NUM == 0x1)?appl1_start:appl2_start

.text           0x00000000      0xa2c
 CREATE_OBJECT_SYMBOLS
                0x00000000                PROVIDE (__cy_interrupt_vector, RomVectors)
 *(.romvectors)
 .romvectors    0x00000000       0x10 .\CortexM0\ARM_GCC_484\Debug\Cm0Start.o
                0x00000000                RomVectors
                0x00000001                ASSERT ((. != __cy_interrupt_vector), No interrupt vector)
                0x00000001                ASSERT (CY_APPL_ORIGIN?(SIZEOF (.cybootloader) <= CY_APPL_ORIGIN):0x1, Wrong image location)
                0x00000010                PROVIDE (__cy_reset, Reset)
 *(.text.Reset)
 .text.Reset    0x00000010        0x8 .\CortexM0\ARM_GCC_484\Debug\Cm0Start.o
                0x00000010                Reset
                0x00000001                ASSERT ((. != __cy_reset), No reset code)
 *(.psocinit)
 .psocinit      0x00000018      0x2c4 .\CortexM0\ARM_GCC_484\Debug\Project5.a(cyfitter_cfg.o)
                0x00000194                cyfitter_cfg
                0x000002dc                . = MAX (., 0x100)
 *(.text .text.* .gnu.linkonce.t.*)
 .text          0x000002dc       0x60 d:/program files(x86)/cypress/psoc creator/3.1/psoc creator/import/gnu_cs/arm/4.8.4/bin/../lib/gcc/arm-none-eabi/4.8.4/armv6-m/crtbegin.o
 .text.main     0x0000033c       0x54 .\CortexM0\ARM_GCC_484\Debug\main.o
                0x0000033c                main
 .text.IntDefaultHandler
                0x00000390        0x8 .\CortexM0\ARM_GCC_484\Debug\Cm0Start.o
                0x00000390                IntDefaultHandler
 .text.Start_c  0x00000398       0x98 .\CortexM0\ARM_GCC_484\Debug\Cm0Start.o
                0x00000398                Start_c
 .text.initialize_psoc
                0x00000430       0x70 .\CortexM0\ARM_GCC_484\Debug\Cm0Start.o
                0x00000430                initialize_psoc
 .text.CYMEMZERO
                0x000004a0       0x20 .\CortexM0\ARM_GCC_484\Debug\Project5.a(cyfitter_cfg.o)
 .text.cfg_write_bytes32
                0x000004c0       0x80 .\CortexM0\ARM_GCC_484\Debug\Project5.a(cyfitter_cfg.o)
 .text.AnalogSetDefault
                0x00000540       0x28 .\CortexM0\ARM_GCC_484\Debug\Project5.a(cyfitter_cfg.o)
 .text.UART_Init
                0x00000568        0xc .\CortexM0\ARM_GCC_484\Debug\Project5.a(UART.o)
                0x00000568                UART_Init
 .text.UART_Enable
                0x00000574       0x20 .\CortexM0\ARM_GCC_484\Debug\Project5.a(UART.o)
                0x00000574                UART_Enable
 .text.UART_Start
                0x00000594       0x24 .\CortexM0\ARM_GCC_484\Debug\Project5.a(UART.o)
                0x00000594                UART_Start
 .text.UART_ScbEnableIntr
                0x000005b8        0x8 .\CortexM0\ARM_GCC_484\Debug\Project5.a(UART.o)
 .text.UART_SpiUartReadRxData
                0x000005c0       0x20 .\CortexM0\ARM_GCC_484\Debug\Project5.a(UART_SPI_UART.o)
                0x000005c0                UART_SpiUartReadRxData
 .text.UART_SpiUartGetRxBufferSize
                0x000005e0       0x20 .\CortexM0\ARM_GCC_484\Debug\Project5.a(UART_SPI_UART.o)
                0x000005e0                UART_SpiUartGetRxBufferSize
 .text.UART_SpiUartWriteTxData
                0x00000600       0x2c .\CortexM0\ARM_GCC_484\Debug\Project5.a(UART_SPI_UART.o)
                0x00000600                UART_SpiUartWriteTxData
 .text.UART_UartInit
                0x0000062c       0xb0 .\CortexM0\ARM_GCC_484\Debug\Project5.a(UART_UART.o)
                0x0000062c                UART_UartInit
 .text.UART_UartGetChar
                0x000006dc       0x44 .\CortexM0\ARM_GCC_484\Debug\Project5.a(UART_UART.o)
                0x000006dc                UART_UartGetChar
 .text.UART_UartPutString
                0x00000720       0x34 .\CortexM0\ARM_GCC_484\Debug\Project5.a(UART_UART.o)
                0x00000720                UART_UartPutString
 .text.CySysClkWcoSetHighPowerMode
                0x00000754       0x3c .\CortexM0\ARM_GCC_484\Debug\Project5.a(CyLib.o)
 .text.CySysClkWcoSetLowPowerMode
                0x00000790       0x48 .\CortexM0\ARM_GCC_484\Debug\Project5.a(CyLib.o)
 .text.CySysClkEcoStart
                0x000007d8       0x74 .\CortexM0\ARM_GCC_484\Debug\Project5.a(CyLib.o)
                0x000007d8                CySysClkEcoStart
 .text.CySysClkEcoReadStatus
                0x0000084c       0x18 .\CortexM0\ARM_GCC_484\Debug\Project5.a(CyLib.o)
                0x0000084c                CySysClkEcoReadStatus
 .text.CySysClkWcoStart
                0x00000864       0x20 .\CortexM0\ARM_GCC_484\Debug\Project5.a(CyLib.o)
                0x00000864                CySysClkWcoStart
 .text.CySysClkWcoSetPowerMode
                0x00000884       0x40 .\CortexM0\ARM_GCC_484\Debug\Project5.a(CyLib.o)
                0x00000884                CySysClkWcoSetPowerMode
 .text.CyHalt   0x000008c4       0x14 .\CortexM0\ARM_GCC_484\Debug\Project5.a(CyLib.o)
                0x000008c4                CyHalt
 .text.CyDelay  0x000008d8       0x48 .\CortexM0\ARM_GCC_484\Debug\Project5.a(CyLib.o)
                0x000008d8                CyDelay
 .text.CyDelayUs
                0x00000920       0x28 .\CortexM0\ARM_GCC_484\Debug\Project5.a(CyLib.o)
                0x00000920                CyDelayUs
 .text.Pin_Red_Write
                0x00000948       0x4c .\CortexM0\ARM_GCC_484\Debug\Project5.a(Pin_Red.o)
                0x00000948                Pin_Red_Write
 .text.Pin_1_Read
                0x00000994       0x1c .\CortexM0\ARM_GCC_484\Debug\Project5.a(Pin_1.o)
                0x00000994                Pin_1_Read
 .text          0x000009b0       0x20 .\CortexM0\ARM_GCC_484\Debug\Project5.a(CyBootAsmGnu.o)
                0x000009b0                CyDelayCycles
                0x000009c2                CyEnterCriticalSection
                0x000009ca                CyExitCriticalSection
 .text.__libc_init_array
                0x000009d0       0x4c d:/program files(x86)/cypress/psoc creator/3.1/psoc creator/import/gnu_cs/arm/4.8.4/bin/../lib/gcc/arm-none-eabi/4.8.4/../../../../arm-none-eabi/lib/armv6-m\libg_s.a(lib_a-init.o)
                0x000009d0                __libc_init_array
 .text.memset   0x00000a1c       0x10 d:/program files(x86)/cypress/psoc creator/3.1/psoc creator/import/gnu_cs/arm/4.8.4/bin/../lib/gcc/arm-none-eabi/4.8.4/../../../../arm-none-eabi/lib/armv6-m\libg_s.a(lib_a-memset.o)
                0x00000a1c                memset
 *(.plt)
 *(.gnu.warning)
 *(.glue_7t)
 .glue_7t       0x00000000        0x0 linker stubs
 *(.glue_7)
 .glue_7        0x00000000        0x0 linker stubs
 *(.vfp11_veneer)
 .vfp11_veneer  0x00000000        0x0 linker stubs
 *(.bootloader)
 *(.ARM.extab* .gnu.linkonce.armextab.*)
 *(.gcc_except_table)

.v4_bx          0x00000a2c        0x0
 .v4_bx         0x00000000        0x0 linker stubs

.iplt           0x00000a2c        0x0
 .iplt          0x00000000        0x0 d:/program files(x86)/cypress/psoc creator/3.1/psoc creator/import/gnu_cs/arm/4.8.4/bin/../lib/gcc/arm-none-eabi/4.8.4/armv6-m/crtbegin.o

.eh_frame_hdr
 *(.eh_frame_hdr)

.eh_frame       0x00000a2c        0x4
 *(.eh_frame)
 .eh_frame      0x00000a2c        0x0 d:/program files(x86)/cypress/psoc creator/3.1/psoc creator/import/gnu_cs/arm/4.8.4/bin/../lib/gcc/arm-none-eabi/4.8.4/armv6-m/crtbegin.o
 .eh_frame      0x00000a2c        0x4 d:/program files(x86)/cypress/psoc creator/3.1/psoc creator/import/gnu_cs/arm/4.8.4/bin/../lib/gcc/arm-none-eabi/4.8.4/armv6-m/crtend.o
                0x00000a30                PROVIDE (__exidx_start, .)

.ARM.exidx
 *(.ARM.exidx* .gnu.linkonce.armexidx.*)
                0x00000a30                __exidx_end = .

.rodata         0x00000a30       0x88
 *(.rodata .rodata.* .gnu.linkonce.r.*)
 .rodata        0x00000a30       0x2c .\CortexM0\ARM_GCC_484\Debug\main.o
 .rodata        0x00000a5c       0x24 .\CortexM0\ARM_GCC_484\Debug\Project5.a(cyfitter_cfg.o)
                0x00000a80                . = ALIGN (0x4)
 *(.init)
 .init          0x00000a80        0x4 d:/program files(x86)/cypress/psoc creator/3.1/psoc creator/import/gnu_cs/arm/4.8.4/bin/../lib/gcc/arm-none-eabi/4.8.4/armv6-m/crti.o
                0x00000a80                _init
 .init          0x00000a84        0x8 d:/program files(x86)/cypress/psoc creator/3.1/psoc creator/import/gnu_cs/arm/4.8.4/bin/../lib/gcc/arm-none-eabi/4.8.4/armv6-m/crtn.o
                0x00000a8c                . = ALIGN (0x4)
                0x00000a8c                __preinit_array_start = .
 *(.preinit_array)
                0x00000a8c                __preinit_array_end = .
                0x00000a8c                . = ALIGN (0x4)
                0x00000a8c                __init_array_start = .
 *(SORT(.init_array.*))
 *(.init_array)
 .init_array    0x00000a8c        0x4 d:/program files(x86)/cypress/psoc creator/3.1/psoc creator/import/gnu_cs/arm/4.8.4/bin/../lib/gcc/arm-none-eabi/4.8.4/armv6-m/crtbegin.o
 .init_array    0x00000a90        0x4 .\CortexM0\ARM_GCC_484\Debug\Cm0Start.o
                0x00000a94                __init_array_end = .
                0x00000a94                . = ALIGN (0x4)
 *(.fini)
 .fini          0x00000a94        0x4 d:/program files(x86)/cypress/psoc creator/3.1/psoc creator/import/gnu_cs/arm/4.8.4/bin/../lib/gcc/arm-none-eabi/4.8.4/armv6-m/crti.o
                0x00000a94                _fini
 .fini          0x00000a98        0x8 d:/program files(x86)/cypress/psoc creator/3.1/psoc creator/import/gnu_cs/arm/4.8.4/bin/../lib/gcc/arm-none-eabi/4.8.4/armv6-m/crtn.o
                0x00000aa0                . = ALIGN (0x4)
                0x00000aa0                __fini_array_start = .
 *(.fini_array)
 .fini_array    0x00000aa0        0x4 d:/program files(x86)/cypress/psoc creator/3.1/psoc creator/import/gnu_cs/arm/4.8.4/bin/../lib/gcc/arm-none-eabi/4.8.4/armv6-m/crtbegin.o
 *(SORT(.fini_array.*))
                0x00000aa4                __fini_array_end = .
                0x00000aa4                . = ALIGN (0x4)
 *crtbegin.o(.ctors)
 *(EXCLUDE_FILE(*crtend.o) .ctors)
 *(SORT(.ctors.*))
 *crtend.o(.ctors)
                0x00000aa4                . = ALIGN (0x4)
 *crtbegin.o(.dtors)
 *(EXCLUDE_FILE(*crtend.o) .dtors)
 *(SORT(.dtors.*))
 *crtend.o(.dtors)
                0x00000aa4                . = ALIGN (0x4)
                0x00000aa4                __cy_regions = .
                0x00000aa4        0x4 LONG 0xab8 __cy_region_init_ram
                0x00000aa8        0x4 LONG 0x200000c8 __cy_region_start_data
                0x00000aac        0x4 LONG 0x18 __cy_region_init_size_ram
                0x00000ab0        0x4 LONG 0x28 __cy_region_zero_size_ram
                0x00000ab4                __cy_regions_end = .
                0x00000ab8                . = ALIGN (0x8)
 *fill*         0x00000ab4        0x4 
                0x00000ab8                _etext = .

.ramvectors     0x20000000       0xc0
                0x20000000                __cy_region_start_ram = .
 *(.ramvectors)
 .ramvectors    0x20000000       0xc0 .\CortexM0\ARM_GCC_484\Debug\Cm0Start.o
                0x20000000                CyRamVectors

.noinit         0x200000c0        0x4
 *(.noinit)
 .noinit        0x200000c0        0x4 .\CortexM0\ARM_GCC_484\Debug\Cm0Start.o

.data           0x200000c8       0x18 load address 0x00000ab8
                0x200000c8                __cy_region_start_data = .
 *(.jcr)
 .jcr           0x200000c8        0x0 d:/program files(x86)/cypress/psoc creator/3.1/psoc creator/import/gnu_cs/arm/4.8.4/bin/../lib/gcc/arm-none-eabi/4.8.4/armv6-m/crtbegin.o
 .jcr           0x200000c8        0x4 d:/program files(x86)/cypress/psoc creator/3.1/psoc creator/import/gnu_cs/arm/4.8.4/bin/../lib/gcc/arm-none-eabi/4.8.4/armv6-m/crtend.o
 *(.got.plt)
 *(.got)
 *(.shdata)
 *(.data .data.* .gnu.linkonce.d.*)
 .data          0x200000cc        0x4 .\CortexM0\ARM_GCC_484\Debug\Project5.a(cyfitter_cfg.o)
 .data          0x200000d0       0x10 .\CortexM0\ARM_GCC_484\Debug\Project5.a(CyLib.o)
                0x200000d0                cydelayFreqHz
                0x200000d4                cydelayFreqKhz
                0x200000d8                cydelayFreqMhz
                0x200000dc                cydelay32kMs
                0x200000e0                . = ALIGN (0x8)
 *(.ram)
                0x200000e0                _edata = .

.igot.plt       0x200000e0        0x0 load address 0x00000ad0
 .igot.plt      0x00000000        0x0 d:/program files(x86)/cypress/psoc creator/3.1/psoc creator/import/gnu_cs/arm/4.8.4/bin/../lib/gcc/arm-none-eabi/4.8.4/armv6-m/crtbegin.o

.bss            0x200000e0       0x28 load address 0x00000ad0
                0x200000e0                PROVIDE (__bss_start__, .)
 *(.shbss)
 *(.bss .bss.* .gnu.linkonce.b.*)
 .bss           0x200000e0       0x1c d:/program files(x86)/cypress/psoc creator/3.1/psoc creator/import/gnu_cs/arm/4.8.4/bin/../lib/gcc/arm-none-eabi/4.8.4/armv6-m/crtbegin.o
 .bss           0x200000fc        0x8 .\CortexM0\ARM_GCC_484\Debug\Project5.a(UART.o)
                0x200000fc                UART_initVar
                0x20000100                UART_customIntrHandler
 *(COMMON)
                0x20000108                . = ALIGN (0x8)
 *fill*         0x20000104        0x4 
 *(.ram.b)
                0x20000108                _end = .
                0x20000108                __end = .
                0x20000108                PROVIDE (end, .)
                0x20000108                PROVIDE (__bss_end__, .)
                0x00000ab8                __cy_region_init_ram = LOADADDR (.data)
                0x00000018                __cy_region_init_size_ram = (_edata - ADDR (.data))
                0x00000028                __cy_region_zero_size_ram = (_end - _edata)

.heap           0x20000108       0x80 load address 0x00000ad0
                0x20000108                . = _end
                0x20000188                . = (. + 0x80)
 *fill*         0x20000108       0x80 
                0x20000188                __cy_heap_limit = .

.stack          0x20003800      0x800
                0x20003800                __cy_stack_limit = .
                0x20004000                . = (. + 0x800)
 *fill*         0x20003800      0x800 
                0x00000001                ASSERT ((__cy_stack_limit >= __cy_heap_limit), region RAM overflowed with stack)

.cyloadermeta
 *(.cyloadermeta)

.cyloadablemeta
 *(.cyloadablemeta)

.cyflashprotect
                0x90400000       0x80
 *(.cyflashprotect)
 .cyflashprotect
                0x90400000       0x80 .\CortexM0\ARM_GCC_484\Debug\cymetadata.o
                0x90400000                cy_meta_flashprotect

.cymeta         0x90500000        0xc
 *(.cymeta)
 .cymeta        0x90500000        0xc .\CortexM0\ARM_GCC_484\Debug\cymetadata.o
                0x90500000                cy_metadata

.cychipprotect  0x90600000        0x4
 *(.cychipprotect)
 .cychipprotect
                0x90600000        0x4 .\CortexM0\ARM_GCC_484\Debug\cymetadata.o
                0x90600000                cy_meta_chipprotect

.rel.dyn        0x00000ad0        0x0 load address 0x90600004
 .rel.iplt      0x00000000        0x0 d:/program files(x86)/cypress/psoc creator/3.1/psoc creator/import/gnu_cs/arm/4.8.4/bin/../lib/gcc/arm-none-eabi/4.8.4/armv6-m/crtbegin.o

.stab
 *(.stab)

.stabstr
 *(.stabstr)

.debug
 *(.debug)

.line
 *(.line)

.debug_srcinfo
 *(.debug_srcinfo)

.debug_sfnames
 *(.debug_sfnames)

.debug_aranges  0x00000000      0x548
 *(.debug_aranges)
 .debug_aranges
                0x00000000       0x20 .\CortexM0\ARM_GCC_484\Debug\main.o
 .debug_aranges
                0x00000020       0x18 .\CortexM0\ARM_GCC_484\Debug\cymetadata.o
 .debug_aranges
                0x00000038       0x48 .\CortexM0\ARM_GCC_484\Debug\Cm0Start.o
 .debug_aranges
                0x00000080       0x58 .\CortexM0\ARM_GCC_484\Debug\Project5.a(cyfitter_cfg.o)
 .debug_aranges
                0x000000d8       0x60 .\CortexM0\ARM_GCC_484\Debug\Project5.a(UART.o)
 .debug_aranges
                0x00000138       0x60 .\CortexM0\ARM_GCC_484\Debug\Project5.a(UART_SPI_UART.o)
 .debug_aranges
                0x00000198       0x78 .\CortexM0\ARM_GCC_484\Debug\Project5.a(UART_UART.o)
 .debug_aranges
                0x00000210      0x298 .\CortexM0\ARM_GCC_484\Debug\Project5.a(CyLib.o)
 .debug_aranges
                0x000004a8       0x40 .\CortexM0\ARM_GCC_484\Debug\Project5.a(Pin_Red.o)
 .debug_aranges
                0x000004e8       0x40 .\CortexM0\ARM_GCC_484\Debug\Project5.a(Pin_1.o)
 .debug_aranges
                0x00000528       0x20 .\CortexM0\ARM_GCC_484\Debug\Project5.a(CyBootAsmGnu.o)

.debug_pubnames
 *(.debug_pubnames)

.debug_info     0x00000000     0x20ca
 *(.debug_info .gnu.linkonce.wi.*)
 .debug_info    0x00000000       0xc1 .\CortexM0\ARM_GCC_484\Debug\main.o
 .debug_info    0x000000c1       0xfd .\CortexM0\ARM_GCC_484\Debug\cymetadata.o
 .debug_info    0x000001be      0x2ff .\CortexM0\ARM_GCC_484\Debug\Cm0Start.o
 .debug_info    0x000004bd      0x442 .\CortexM0\ARM_GCC_484\Debug\Project5.a(cyfitter_cfg.o)
 .debug_info    0x000008ff      0x1d9 .\CortexM0\ARM_GCC_484\Debug\Project5.a(UART.o)
 .debug_info    0x00000ad8      0x20d .\CortexM0\ARM_GCC_484\Debug\Project5.a(UART_SPI_UART.o)
 .debug_info    0x00000ce5      0x2a3 .\CortexM0\ARM_GCC_484\Debug\Project5.a(UART_UART.o)
 .debug_info    0x00000f88      0xe2b .\CortexM0\ARM_GCC_484\Debug\Project5.a(CyLib.o)
 .debug_info    0x00001db3      0x14c .\CortexM0\ARM_GCC_484\Debug\Project5.a(Pin_Red.o)
 .debug_info    0x00001eff      0x14c .\CortexM0\ARM_GCC_484\Debug\Project5.a(Pin_1.o)
 .debug_info    0x0000204b       0x7f .\CortexM0\ARM_GCC_484\Debug\Project5.a(CyBootAsmGnu.o)

.debug_abbrev   0x00000000      0xb29
 *(.debug_abbrev)
 .debug_abbrev  0x00000000       0x5e .\CortexM0\ARM_GCC_484\Debug\main.o
 .debug_abbrev  0x0000005e       0x5d .\CortexM0\ARM_GCC_484\Debug\cymetadata.o
 .debug_abbrev  0x000000bb      0x1b4 .\CortexM0\ARM_GCC_484\Debug\Cm0Start.o
 .debug_abbrev  0x0000026f      0x18a .\CortexM0\ARM_GCC_484\Debug\Project5.a(cyfitter_cfg.o)
 .debug_abbrev  0x000003f9      0x10a .\CortexM0\ARM_GCC_484\Debug\Project5.a(UART.o)
 .debug_abbrev  0x00000503      0x15c .\CortexM0\ARM_GCC_484\Debug\Project5.a(UART_SPI_UART.o)
 .debug_abbrev  0x0000065f      0x111 .\CortexM0\ARM_GCC_484\Debug\Project5.a(UART_UART.o)
 .debug_abbrev  0x00000770      0x237 .\CortexM0\ARM_GCC_484\Debug\Project5.a(CyLib.o)
 .debug_abbrev  0x000009a7       0xb7 .\CortexM0\ARM_GCC_484\Debug\Project5.a(Pin_Red.o)
 .debug_abbrev  0x00000a5e       0xb7 .\CortexM0\ARM_GCC_484\Debug\Project5.a(Pin_1.o)
 .debug_abbrev  0x00000b15       0x14 .\CortexM0\ARM_GCC_484\Debug\Project5.a(CyBootAsmGnu.o)

.debug_line     0x00000000     0x1289
 *(.debug_line)
 .debug_line    0x00000000       0x6d .\CortexM0\ARM_GCC_484\Debug\main.o
 .debug_line    0x0000006d       0x53 .\CortexM0\ARM_GCC_484\Debug\cymetadata.o
 .debug_line    0x000000c0      0x1bb .\CortexM0\ARM_GCC_484\Debug\Cm0Start.o
 .debug_line    0x0000027b      0x1b5 .\CortexM0\ARM_GCC_484\Debug\Project5.a(cyfitter_cfg.o)
 .debug_line    0x00000430      0x100 .\CortexM0\ARM_GCC_484\Debug\Project5.a(UART.o)
 .debug_line    0x00000530      0x125 .\CortexM0\ARM_GCC_484\Debug\Project5.a(UART_SPI_UART.o)
 .debug_line    0x00000655      0x163 .\CortexM0\ARM_GCC_484\Debug\Project5.a(UART_UART.o)
 .debug_line    0x000007b8      0x911 .\CortexM0\ARM_GCC_484\Debug\Project5.a(CyLib.o)
 .debug_line    0x000010c9       0xad .\CortexM0\ARM_GCC_484\Debug\Project5.a(Pin_Red.o)
 .debug_line    0x00001176       0xab .\CortexM0\ARM_GCC_484\Debug\Project5.a(Pin_1.o)
 .debug_line    0x00001221       0x68 .\CortexM0\ARM_GCC_484\Debug\Project5.a(CyBootAsmGnu.o)

.debug_frame    0x00000000     0x11e0
 *(.debug_frame)
 .debug_frame   0x00000000       0x30 .\CortexM0\ARM_GCC_484\Debug\main.o
 .debug_frame   0x00000030       0xc8 .\CortexM0\ARM_GCC_484\Debug\Cm0Start.o
 .debug_frame   0x000000f8      0x108 .\CortexM0\ARM_GCC_484\Debug\Project5.a(cyfitter_cfg.o)
 .debug_frame   0x00000200      0x118 .\CortexM0\ARM_GCC_484\Debug\Project5.a(UART.o)
 .debug_frame   0x00000318      0x128 .\CortexM0\ARM_GCC_484\Debug\Project5.a(UART_SPI_UART.o)
 .debug_frame   0x00000440      0x184 .\CortexM0\ARM_GCC_484\Debug\Project5.a(UART_UART.o)
 .debug_frame   0x000005c4      0x9d0 .\CortexM0\ARM_GCC_484\Debug\Project5.a(CyLib.o)
 .debug_frame   0x00000f94       0xa8 .\CortexM0\ARM_GCC_484\Debug\Project5.a(Pin_Red.o)
 .debug_frame   0x0000103c       0xa8 .\CortexM0\ARM_GCC_484\Debug\Project5.a(Pin_1.o)
 .debug_frame   0x000010e4       0x20 d:/program files(x86)/cypress/psoc creator/3.1/psoc creator/import/gnu_cs/arm/4.8.4/bin/../lib/gcc/arm-none-eabi/4.8.4/armv6-m\libgcc.a(_udivsi3.o)
 .debug_frame   0x00001104       0x20 d:/program files(x86)/cypress/psoc creator/3.1/psoc creator/import/gnu_cs/arm/4.8.4/bin/../lib/gcc/arm-none-eabi/4.8.4/armv6-m\libgcc.a(_divsi3.o)
 .debug_frame   0x00001124       0x20 d:/program files(x86)/cypress/psoc creator/3.1/psoc creator/import/gnu_cs/arm/4.8.4/bin/../lib/gcc/arm-none-eabi/4.8.4/../../../../arm-none-eabi/lib/armv6-m\libg_s.a(lib_a-errno.o)
 .debug_frame   0x00001144       0x28 d:/program files(x86)/cypress/psoc creator/3.1/psoc creator/import/gnu_cs/arm/4.8.4/bin/../lib/gcc/arm-none-eabi/4.8.4/../../../../arm-none-eabi/lib/armv6-m\libg_s.a(lib_a-exit.o)
 .debug_frame   0x0000116c       0x2c d:/program files(x86)/cypress/psoc creator/3.1/psoc creator/import/gnu_cs/arm/4.8.4/bin/../lib/gcc/arm-none-eabi/4.8.4/../../../../arm-none-eabi/lib/armv6-m\libg_s.a(lib_a-init.o)
 .debug_frame   0x00001198       0x28 d:/program files(x86)/cypress/psoc creator/3.1/psoc creator/import/gnu_cs/arm/4.8.4/bin/../lib/gcc/arm-none-eabi/4.8.4/../../../../arm-none-eabi/lib/armv6-m\libg_s.a(lib_a-memcpy-stub.o)
 .debug_frame   0x000011c0       0x20 d:/program files(x86)/cypress/psoc creator/3.1/psoc creator/import/gnu_cs/arm/4.8.4/bin/../lib/gcc/arm-none-eabi/4.8.4/../../../../arm-none-eabi/lib/armv6-m\libg_s.a(lib_a-memset.o)

.debug_str      0x00000000     0x1161
 *(.debug_str)
 .debug_str     0x00000000      0x12c .\CortexM0\ARM_GCC_484\Debug\main.o
                                0x165 (size before relaxing)
 .debug_str     0x0000012c       0x5b .\CortexM0\ARM_GCC_484\Debug\cymetadata.o
                                0x1ab (size before relaxing)
 .debug_str     0x00000187      0x12e .\CortexM0\ARM_GCC_484\Debug\Cm0Start.o
                                0x299 (size before relaxing)
 .debug_str     0x000002b5      0x1a0 .\CortexM0\ARM_GCC_484\Debug\Project5.a(cyfitter_cfg.o)
                                0x333 (size before relaxing)
 .debug_str     0x00000455       0xfb .\CortexM0\ARM_GCC_484\Debug\Project5.a(UART.o)
                                0x265 (size before relaxing)
 .debug_str     0x00000550      0x137 .\CortexM0\ARM_GCC_484\Debug\Project5.a(UART_SPI_UART.o)
                                0x29f (size before relaxing)
 .debug_str     0x00000687      0x16f .\CortexM0\ARM_GCC_484\Debug\Project5.a(UART_UART.o)
                                0x2e9 (size before relaxing)
 .debug_str     0x000007f6      0x868 .\CortexM0\ARM_GCC_484\Debug\Project5.a(CyLib.o)
                                0x9f8 (size before relaxing)
 .debug_str     0x0000105e       0x91 .\CortexM0\ARM_GCC_484\Debug\Project5.a(Pin_Red.o)
                                0x1f0 (size before relaxing)
 .debug_str     0x000010ef       0x72 .\CortexM0\ARM_GCC_484\Debug\Project5.a(Pin_1.o)
                                0x1e4 (size before relaxing)

.debug_loc
 *(.debug_loc)

.debug_macinfo
 *(.debug_macinfo)

.debug_ranges   0x00000000      0x480
 *(.debug_ranges)
 .debug_ranges  0x00000000       0x10 .\CortexM0\ARM_GCC_484\Debug\main.o
 .debug_ranges  0x00000010       0x38 .\CortexM0\ARM_GCC_484\Debug\Cm0Start.o
 .debug_ranges  0x00000048       0x48 .\CortexM0\ARM_GCC_484\Debug\Project5.a(cyfitter_cfg.o)
 .debug_ranges  0x00000090       0x50 .\CortexM0\ARM_GCC_484\Debug\Project5.a(UART.o)
 .debug_ranges  0x000000e0       0x50 .\CortexM0\ARM_GCC_484\Debug\Project5.a(UART_SPI_UART.o)
 .debug_ranges  0x00000130       0x68 .\CortexM0\ARM_GCC_484\Debug\Project5.a(UART_UART.o)
 .debug_ranges  0x00000198      0x288 .\CortexM0\ARM_GCC_484\Debug\Project5.a(CyLib.o)
 .debug_ranges  0x00000420       0x30 .\CortexM0\ARM_GCC_484\Debug\Project5.a(Pin_Red.o)
 .debug_ranges  0x00000450       0x30 .\CortexM0\ARM_GCC_484\Debug\Project5.a(Pin_1.o)

.comment        0x00000000       0x70
 .comment       0x00000000       0x70 .\CortexM0\ARM_GCC_484\Debug\main.o
                                 0x71 (size before relaxing)
 .comment       0x00000000       0x71 .\CortexM0\ARM_GCC_484\Debug\cymetadata.o
 .comment       0x00000000       0x71 .\CortexM0\ARM_GCC_484\Debug\Cm0Start.o
 .comment       0x00000000       0x71 .\CortexM0\ARM_GCC_484\Debug\Project5.a(cyfitter_cfg.o)
 .comment       0x00000000       0x71 .\CortexM0\ARM_GCC_484\Debug\Project5.a(UART.o)
 .comment       0x00000000       0x71 .\CortexM0\ARM_GCC_484\Debug\Project5.a(UART_SPI_UART.o)
 .comment       0x00000000       0x71 .\CortexM0\ARM_GCC_484\Debug\Project5.a(UART_UART.o)
 .comment       0x00000000       0x71 .\CortexM0\ARM_GCC_484\Debug\Project5.a(CyLib.o)
 .comment       0x00000000       0x71 .\CortexM0\ARM_GCC_484\Debug\Project5.a(Pin_Red.o)
 .comment       0x00000000       0x71 .\CortexM0\ARM_GCC_484\Debug\Project5.a(Pin_1.o)

.debug_weaknames
 *(.debug_weaknames)

.debug_funcnames
 *(.debug_funcnames)

.debug_typenames
 *(.debug_typenames)

.debug_varnames
 *(.debug_varnames)

.note.gnu.arm.ident
 *(.note.gnu.arm.ident)

.ARM.attributes
                0x00000000       0x28
 *(.ARM.attributes)
 .ARM.attributes
                0x00000000       0x1e d:/program files(x86)/cypress/psoc creator/3.1/psoc creator/import/gnu_cs/arm/4.8.4/bin/../lib/gcc/arm-none-eabi/4.8.4/armv6-m/crti.o
 .ARM.attributes
                0x0000001e       0x2c d:/program files(x86)/cypress/psoc creator/3.1/psoc creator/import/gnu_cs/arm/4.8.4/bin/../lib/gcc/arm-none-eabi/4.8.4/armv6-m/crtbegin.o
 .ARM.attributes
                0x0000004a       0x1b d:/program files(x86)/cypress/psoc creator/3.1/psoc creator/import/gnu_cs/arm/4.8.4/bin/../lib/gcc/arm-none-eabi/4.8.4/../../../../arm-none-eabi/lib/armv6-m/crt0.o
 .ARM.attributes
                0x00000065       0x31 .\CortexM0\ARM_GCC_484\Debug\main.o
 .ARM.attributes
                0x00000096       0x31 .\CortexM0\ARM_GCC_484\Debug\cymetadata.o
 .ARM.attributes
                0x000000c7       0x31 .\CortexM0\ARM_GCC_484\Debug\Cm0Start.o
 .ARM.attributes
                0x000000f8       0x31 .\CortexM0\ARM_GCC_484\Debug\Project5.a(cyfitter_cfg.o)
 .ARM.attributes
                0x00000129       0x31 .\CortexM0\ARM_GCC_484\Debug\Project5.a(UART.o)
 .ARM.attributes
                0x0000015a       0x31 .\CortexM0\ARM_GCC_484\Debug\Project5.a(UART_SPI_UART.o)
 .ARM.attributes
                0x0000018b       0x31 .\CortexM0\ARM_GCC_484\Debug\Project5.a(UART_UART.o)
 .ARM.attributes
                0x000001bc       0x31 .\CortexM0\ARM_GCC_484\Debug\Project5.a(CyLib.o)
 .ARM.attributes
                0x000001ed       0x31 .\CortexM0\ARM_GCC_484\Debug\Project5.a(Pin_Red.o)
 .ARM.attributes
                0x0000021e       0x31 .\CortexM0\ARM_GCC_484\Debug\Project5.a(Pin_1.o)
 .ARM.attributes
                0x0000024f       0x21 .\CortexM0\ARM_GCC_484\Debug\Project5.a(CyBootAsmGnu.o)
 .ARM.attributes
                0x00000270       0x1e d:/program files(x86)/cypress/psoc creator/3.1/psoc creator/import/gnu_cs/arm/4.8.4/bin/../lib/gcc/arm-none-eabi/4.8.4/armv6-m\libgcc.a(_udivsi3.o)
 .ARM.attributes
                0x0000028e       0x1e d:/program files(x86)/cypress/psoc creator/3.1/psoc creator/import/gnu_cs/arm/4.8.4/bin/../lib/gcc/arm-none-eabi/4.8.4/armv6-m\libgcc.a(_divsi3.o)
 .ARM.attributes
                0x000002ac       0x1e d:/program files(x86)/cypress/psoc creator/3.1/psoc creator/import/gnu_cs/arm/4.8.4/bin/../lib/gcc/arm-none-eabi/4.8.4/armv6-m\libgcc.a(_dvmd_tls.o)
 .ARM.attributes
                0x000002ca       0x2c d:/program files(x86)/cypress/psoc creator/3.1/psoc creator/import/gnu_cs/arm/4.8.4/bin/../lib/gcc/arm-none-eabi/4.8.4/../../../../arm-none-eabi/lib/armv6-m\libg_s.a(lib_a-errno.o)
 .ARM.attributes
                0x000002f6       0x2c d:/program files(x86)/cypress/psoc creator/3.1/psoc creator/import/gnu_cs/arm/4.8.4/bin/../lib/gcc/arm-none-eabi/4.8.4/../../../../arm-none-eabi/lib/armv6-m\libg_s.a(lib_a-exit.o)
 .ARM.attributes
                0x00000322       0x2c d:/program files(x86)/cypress/psoc creator/3.1/psoc creator/import/gnu_cs/arm/4.8.4/bin/../lib/gcc/arm-none-eabi/4.8.4/../../../../arm-none-eabi/lib/armv6-m\libg_s.a(lib_a-impure.o)
 .ARM.attributes
                0x0000034e       0x2c d:/program files(x86)/cypress/psoc creator/3.1/psoc creator/import/gnu_cs/arm/4.8.4/bin/../lib/gcc/arm-none-eabi/4.8.4/../../../../arm-none-eabi/lib/armv6-m\libg_s.a(lib_a-init.o)
 .ARM.attributes
                0x0000037a       0x2c d:/program files(x86)/cypress/psoc creator/3.1/psoc creator/import/gnu_cs/arm/4.8.4/bin/../lib/gcc/arm-none-eabi/4.8.4/../../../../arm-none-eabi/lib/armv6-m\libg_s.a(lib_a-memcpy-stub.o)
 .ARM.attributes
                0x000003a6       0x2c d:/program files(x86)/cypress/psoc creator/3.1/psoc creator/import/gnu_cs/arm/4.8.4/bin/../lib/gcc/arm-none-eabi/4.8.4/../../../../arm-none-eabi/lib/armv6-m\libg_s.a(lib_a-memset.o)
 .ARM.attributes
                0x000003d2       0x2c d:/program files(x86)/cypress/psoc creator/3.1/psoc creator/import/gnu_cs/arm/4.8.4/bin/../lib/gcc/arm-none-eabi/4.8.4/armv6-m/crtend.o
 .ARM.attributes
                0x000003fe       0x1e d:/program files(x86)/cypress/psoc creator/3.1/psoc creator/import/gnu_cs/arm/4.8.4/bin/../lib/gcc/arm-none-eabi/4.8.4/armv6-m/crtn.o

/DISCARD/
 *(.note.GNU-stack)
OUTPUT(.\CortexM0\ARM_GCC_484\Debug\Project5.elf elf32-littlearm)
